[genreunivers.gyldendal.dk/genreunivers/index.html]
[backblue.gif]
[fade.gif]
[index.html]
[genreunivers.gyldendal.dk/genreunivers/layout/images/misc/blank.gif]
[ajax.googleapis.com/ajax/libs/jquery/1.7.1/jquery.min.js]
[genreunivers.gyldendal.dk/genreunivers/index.html]
[genreunivers.gyldendal.dk/genreunivers/layout/images/misc/bg.png]
[genreunivers.gyldendal.dk/genreunivers/layout/images/maps/zoom-1.jpg]
[genreunivers.gyldendal.dk/genreunivers/layout/images/maps/zoom-2.jpg]
[genreunivers.gyldendal.dk/genreunivers/layout/images/maps/zoom-3.jpg]
[genreunivers.gyldendal.dk/genreunivers/layout/images/maps/zoom-3-1-1.jpg]
[genreunivers.gyldendal.dk/genreunivers/layout/images/maps/zoom-3-1-2.jpg]
[genreunivers.gyldendal.dk/genreunivers/layout/images/maps/zoom-3-1-3.jpg]
[genreunivers.gyldendal.dk/genreunivers/layout/images/maps/zoom-3-2-1.jpg]
[genreunivers.gyldendal.dk/genreunivers/layout/images/maps/zoom-3-2-2.jpg]
[genreunivers.gyldendal.dk/genreunivers/layout/images/maps/zoom-3-2-3.jpg]
[genreunivers.gyldendal.dk/genreunivers/layout/images/maps/zoom-3-3-1.jpg]
[genreunivers.gyldendal.dk/genreunivers/layout/images/maps/zoom-3-3-2.jpg]
[genreunivers.gyldendal.dk/genreunivers/layout/images/maps/zoom-3-3-3.jpg]
[genreunivers.gyldendal.dk/genreunivers/layout/images/maps/shadow.png]
[genreunivers.gyldendal.dk/genreunivers/layout/images/galaxies/fiction/zoom-1.png]
[genreunivers.gyldendal.dk/genreunivers/layout/images/galaxies/non-fiction/zoom-1.png]
[genreunivers.gyldendal.dk/genreunivers/layout/images/galaxies/fiction/zoom-2.png]
[genreunivers.gyldendal.dk/genreunivers/layout/images/galaxies/non-fiction/zoom-2.png]
[genreunivers.gyldendal.dk/genreunivers/layout/images/galaxies/fiction/zoom-3.png]
[genreunivers.gyldendal.dk/genreunivers/layout/images/galaxies/non-fiction/zoom-3.png]
[genreunivers.gyldendal.dk/genreunivers/layout/images/planets.png]
[genreunivers.gyldendal.dk/genreunivers/layout/images/misc/sprite.png]
[genreunivers.gyldendal.dk/genreunivers/layout/images/misc/search-highlight.png]
[genreunivers.gyldendal.dk/genreunivers/layout/images/misc/media.png]
[genreunivers.gyldendal.dk/genreunivers/layout/images/misc/infobox.png]
[genreunivers.gyldendal.dk/genreunivers/layout/images/misc/textbox.png]
[genreunivers.gyldendal.dk/genreunivers/layout/images/misc/shadow.png]
[genreunivers.gyldendal.dk/genreunivers/layout/images/misc/throbber.gif]
[genreunivers.gyldendal.dk/genreunivers/layout/fonts/9ff12269-014c-4b72-a738-a0d7ddbce82086d7.eot]
[genreunivers.gyldendal.dk/genreunivers/layout/fonts/7cc7234f-05ac-4109-8b8a-93f13c489739.woff]
[genreunivers.gyldendal.dk/genreunivers/layout/Fonts/6c4a7455-816a-41fb-8c03-dd71dcbbc686.ttf]
[genreunivers.gyldendal.dk/genreunivers/layout/Fonts/383b7b06-99d7-4749-85ac-bf144981cfce.svg]
[genreunivers.gyldendal.dk/genreunivers/layout/fonts/076b8d7a-91b5-4c89-86a1-546b980072c786d7.eot]
[genreunivers.gyldendal.dk/genreunivers/layout/fonts/21decb60-b395-4de2-bd04-e38eb2a56d2f.woff]
[genreunivers.gyldendal.dk/genreunivers/layout/Fonts/091058d4-36b2-43f6-80d3-16c88e098061.ttf]
[genreunivers.gyldendal.dk/genreunivers/layout/Fonts/827d22bc-e38b-4ccf-8a21-1f9aaa76e402.svg]
[genreunivers.gyldendal.dk/genreunivers/layout/style_ie.css]
[genreunivers.gyldendal.dk/genreunivers/scripts/json2.js]
[genreunivers.gyldendal.dk/genreunivers/layout/images/misc/throbber2.gif]
[genreunivers.gyldendal.dk/genreunivers/scripts/core.js]
[genreunivers.gyldendal.dk/genreunivers/scripts/galaxies.js]
[genreunivers.gyldendal.dk/genreunivers/scripts/planet.js]
[genreunivers.gyldendal.dk/genreunivers/scripts/infobox.js]
[genreunivers.gyldendal.dk/genreunivers/+ data.info.links[i].icon +]
[genreunivers.gyldendal.dk/genreunivers/scripts/textbox.js]
[genreunivers.gyldendal.dk/genreunivers/scripts/search.js]
[genreunivers.gyldendal.dk/genreunivers/scripts/search03d2.html]
[genreunivers.gyldendal.dk/genreunivers/scripts/basket.js]
[genreunivers.gyldendal.dk/genreunivers/cache/data.js]
[genreunivers.gyldendal.dk/genreunivers/scripts/translations/translate.js]
[genreunivers.gyldendal.dk/genreunivers/flowplayer/flowplayer-3.2.6.min.js]
[genreunivers.gyldendal.dk/genreunivers/download.html]
[genreunivers.gyldendal.dk/readingbox/core.js]
[fast.fonts.com/t/15a0b.css]
[genreunivers.gyldendal.dk/genreunivers/layout/Fonts/6c4a7455-816a-41fb-8c03-dd71dcbbc686.html]
[genreunivers.gyldendal.dk/genreunivers/layout/Fonts/383b7b06-99d7-4749-85ac-bf144981cfce.html]
[genreunivers.gyldendal.dk/genreunivers/layout/Fonts/091058d4-36b2-43f6-80d3-16c88e098061.html]
[genreunivers.gyldendal.dk/genreunivers/layout/Fonts/827d22bc-e38b-4ccf-8a21-1f9aaa76e402.html]
[genreunivers.gyldendal.dk/genreunivers/+ data.info.links[i].html]
[genreunivers.gyldendal.dk/genreunivers/scripts/search03d2.html]
[genreunivers.gyldendal.dk/genreunivers/download.html]
[genreunivers.gyldendal.dk/readingbox/jquery.ui.js]
[genreunivers.gyldendal.dk/readingbox/jquery.ui.touch.js]
[genreunivers.gyldendal.dk/readingbox/jquery.jplayer.min.js]
[genreunivers.gyldendal.dk/readingbox/images/toolbar_bg.png]
[genreunivers.gyldendal.dk/readingbox/images/sprite.png]
[genreunivers.gyldendal.dk/readingbox/images/overlay.png]
[genreunivers.gyldendal.dk/readingbox/images/page_indicator.png]
[genreunivers.gyldendal.dk/readingbox/images/page_indicator_black.png]
[genreunivers.gyldendal.dk/readingbox/images/slider.png]
[genreunivers.gyldendal.dk/readingbox/style.css]
[genreunivers.gyldendal.dk/genreunivers/layout/print.css]
[genreunivers.gyldendal.dk/genreunivers/scripts/translations/en_US.js]
[genreunivers.gyldendal.dk/genreunivers/scripts/external/zeroclipboard.js]
[genreunivers.gyldendal.dk/genreunivers/scripts/clipboard.js]
